[backblue.gif]
[fade.gif]
[index.html]
[localhost/pemikatwalet-cn/feed/index.html]
[localhost/pemikatwalet-cn/wp-content/themes/astra/assets/fonts/astra.woff]
[localhost/pemikatwalet-cn/comments/feed/index.html]
[localhost/pemikatwalet-cn/wp-includes/js/jquery/jquery.mina767.js]
[localhost/pemikatwalet-cn/wp-includes/js/jquery/jquery-migrate.min6b00.js]
[localhost/pemikatwalet-cn/wp-json/index.html]
[localhost/pemikatwalet-cn/wp-json/wp/v2/pages/14.json]
[localhost/pemikatwalet-cn/xmlrpc0db0.php]
[localhost/pemikatwalet-cn/wp-includes/wlwmanifest.xml]
[localhost/pemikatwalet-cn/wp-json/oembed/1.0/embed66a0.json]
[localhost/pemikatwalet-cn/wp-json/oembed/1.0/embed67cd]
[localhost/pemikatwalet-cn/wp-content/uploads/2023/03/logo-walet-3.png]
[localhost/pemikatwalet-cn/wp-content/uploads/2023/03/LOGO-WALET.png]
[localhost/pemikatwalet-cn/wp-content/uploads/2023/03/Parfum-walet-3.png]
[localhost/pemikatwalet-cn/wp-content/themes/astra/assets/js/minified/frontend.min0235.js]
[localhost/pemikatwalet-cn/wp-content/plugins/elementskit-lite/libs/framework/assets/js/frontend-script42e1.js]
[localhost/pemikatwalet-cn/wp-content/plugins/elementskit-lite/widgets/init/assets/js/widget-scripts42e1.js]
[localhost/pemikatwalet-cn/wp-content/plugins/essential-addons-for-elementor-lite/assets/front-end/js/view/general.min42f0.js]
[localhost/pemikatwalet-cn/wp-content/plugins/elementor/assets/js/webpack.runtime.mina3be.js]
[localhost/pemikatwalet-cn/wp-content/plugins/elementor/assets/js/frontend-modules.mina3be.js]
[localhost/pemikatwalet-cn/wp-content/plugins/elementor/assets/lib/waypoints/waypoints.min05da.js]
[localhost/pemikatwalet-cn/wp-includes/js/jquery/ui/core.min3f14.js]
[localhost/pemikatwalet-cn/wp-content/plugins/elementor/assets/js/frontend.mina3be.js]
[localhost/pemikatwalet-cn/wp-content/plugins/elementskit-lite/widgets/init/assets/js/animate-circle42e1.js]
[localhost/pemikatwalet-cn/wp-content/plugins/elementskit-lite/widgets/init/assets/js/elementor42e1.js]
[localhost/pemikatwalet-cn/wp-content/plugins/elementor/assets/lib/swiper/swiper.min42e1.js]
[localhost/pemikatwalet-cn/wp-includes/js/underscore.mind584.js]
[localhost/pemikatwalet-cn/wp-includes/js/wp-util.minae48.js]
[localhost/pemikatwalet-cn/wp-content/plugins/wpforms-lite/assets/js/integrations/elementor/frontend.minf90a.js]
[localhost/pemikatwalet-cn/index.html]
[localhost/pemikatwalet-cn/wp-content/themes/astra/assets/css/minified/frontend.min0235.css]
[localhost/pemikatwalet-cn/wp-content/themes/astra/assets/css/minified/menu-animation.min0235.css]
[localhost/pemikatwalet-cn/wp-includes/css/dist/block-library/style.minae48.css]
[localhost/pemikatwalet-cn/wp-content/plugins/header-footer-elementor/assets/css/header-footer-elementor1f62.css]
[localhost/pemikatwalet-cn/wp-content/plugins/elementor/assets/lib/eicons/fonts/eiconsd6bb.eot]
[localhost/pemikatwalet-cn/wp-content/plugins/elementor/assets/lib/eicons/fonts/eiconsd6bb.woff2]
[localhost/pemikatwalet-cn/wp-content/plugins/elementor/assets/lib/eicons/fonts/eiconsd6bb.woff]
[localhost/pemikatwalet-cn/wp-content/plugins/elementor/assets/lib/eicons/fonts/eiconsd6bb.ttf]
[localhost/pemikatwalet-cn/wp-content/plugins/elementor/assets/lib/eicons/css/elementor-icons.min3b94.css]
[localhost/pemikatwalet-cn/wp-content/plugins/elementor/assets/css/frontend-lite.mina3be.css]
[localhost/pemikatwalet-cn/wp-content/plugins/elementor/assets/lib/swiper/v8/css/swiper.min94a4.css]
[localhost/pemikatwalet-cn/wp-content/uploads/elementor/css/post-5fe08.css]
[localhost/pemikatwalet-cn/wp-content/uploads/2023/03/walet-20910.jpg]
[localhost/pemikatwalet-cn/wp-content/uploads/2023/03/student-typing-keyboard-849822.jpg]
[localhost/pemikatwalet-cn/wp-content/uploads/elementor/css/post-1454b5.css]
[localhost/pemikatwalet-cn/wp-content/plugins/header-footer-elementor/inc/widgets-css/frontend1f62.css]
[localhost/pemikatwalet-cn/wp-content/plugins/elementskit-lite/modules/elementskit-icon-pack/assets/fonts/elementskit97ac.woff]
[localhost/pemikatwalet-cn/wp-content/plugins/elementskit-lite/modules/elementskit-icon-pack/assets/css/ekiticons42e1.css]
[localhost/pemikatwalet-cn/wp-content/plugins/elementskit-lite/widgets/init/assets/img/arrow.png]
[localhost/pemikatwalet-cn/wp-content/plugins/elementskit-lite/widgets/init/assets/img/sort_asc.png]
[localhost/pemikatwalet-cn/wp-content/plugins/elementskit-lite/widgets/init/assets/img/sort_desc.png]
[localhost/pemikatwalet-cn/wp-content/plugins/elementskit-lite/widgets/init/assets/img/sort_asc_disabled.png]
[localhost/pemikatwalet-cn/wp-content/plugins/elementskit-lite/widgets/init/assets/css/widget-styles42e1.css]
[localhost/pemikatwalet-cn/wp-content/plugins/elementskit-lite/widgets/init/assets/css/responsive42e1.css]
[localhost/pemikatwalet-cn/wp-content/plugins/essential-addons-for-elementor-lite/assets/front-end/css/view/general.min42f0.css]
[localhost/pemikatwalet-cn/wp-content/plugins/elementor/assets/lib/font-awesome/css/fontawesome.min52d5.css]
[localhost/pemikatwalet-cn/wp-content/plugins/elementor/assets/lib/font-awesome/webfonts/fa-solid-900.eot]
[localhost/pemikatwalet-cn/wp-content/plugins/elementor/assets/lib/font-awesome/webfonts/fa-solid-900.woff2]
[localhost/pemikatwalet-cn/wp-content/plugins/elementor/assets/lib/font-awesome/webfonts/fa-solid-900d41d.eot]
[localhost/pemikatwalet-cn/wp-content/plugins/elementor/assets/lib/font-awesome/webfonts/fa-solid-900.woff]
[localhost/pemikatwalet-cn/wp-content/plugins/elementor/assets/lib/font-awesome/webfonts/fa-solid-900.ttf]
[localhost/pemikatwalet-cn/wp-content/plugins/elementor/assets/lib/font-awesome/css/solid.min52d5.css]
[localhost/pemikatwalet-cn/wp-content/plugins/elementor/assets/lib/font-awesome/webfonts/fa-brands-400.eot]
[localhost/pemikatwalet-cn/wp-content/plugins/elementor/assets/lib/font-awesome/webfonts/fa-brands-400.woff2]
[localhost/pemikatwalet-cn/wp-content/plugins/elementor/assets/lib/font-awesome/webfonts/fa-brands-400d41d.eot]
[localhost/pemikatwalet-cn/wp-content/plugins/elementor/assets/lib/font-awesome/webfonts/fa-brands-400.woff]
[localhost/pemikatwalet-cn/wp-content/plugins/elementor/assets/lib/font-awesome/webfonts/fa-brands-400.ttf]
[localhost/pemikatwalet-cn/wp-content/plugins/elementor/assets/lib/font-awesome/css/brands.min52d5.css]
[localhost/pemikatwalet-cn/wp-json/wp/v2/pages/119.json]
[localhost/pemikatwalet-cn/wp-json/oembed/1.0/embeddc2f.json]
[localhost/pemikatwalet-cn/wp-json/oembed/1.0/embedf318]
[1.bp.blogspot.com/-Y1SNUYeVK44/XhZwF187--I/AAAAAAAAHfA/lfOZFsZCF885e8rLL6NleS8vxHTcz_v1ACLcBGAsYHQ/s1600/whatsapp icon.png]
[1.bp.blogspot.com/-37NtuGBQHdw/XhZwF_W04vI/AAAAAAAAHe8/6QEm7CRzPoMfN01Yl3stD89xpmuFUcTyQCLcBGAsYHQ/s1600/phone icon.png]
[localhost/pemikatwalet-cn/wp-content/uploads/2023/03/Parfum-walet-1.png]
[localhost/pemikatwalet-cn/wp-content/uploads/2023/03/IMG_2202.jpg]
[localhost/pemikatwalet-cn/chan-pin/index.html]
[localhost/pemikatwalet-cn/wp-json/wp/v2/pages/92.json]
[localhost/pemikatwalet-cn/wp-json/oembed/1.0/embed1620.json]
[localhost/pemikatwalet-cn/wp-json/oembed/1.0/embed46ae]
[localhost/pemikatwalet-cn/fu-wu/index.html]
[localhost/pemikatwalet-cn/wp-content/uploads/2023/03/Parfum-walet-njay-1.png]
[localhost/pemikatwalet-cn/wp-json/wp/v2/pages/137.json]
[localhost/pemikatwalet-cn/wp-json/oembed/1.0/embedb730.json]
[localhost/pemikatwalet-cn/wp-json/oembed/1.0/embed130a]
[localhost/pemikatwalet-cn/tui-jian-shu/index.html]
[localhost/pemikatwalet-cn/wp-json/wp/v2/pages/331.json]
[localhost/pemikatwalet-cn/wp-json/oembed/1.0/embeddc0d.json]
[localhost/pemikatwalet-cn/wp-json/oembed/1.0/embed1c99]
[localhost/pemikatwalet-cn/guan-yu/index.html]
[localhost/pemikatwalet-cn/wp-json/wp/v2/pages/145.json]
[localhost/pemikatwalet-cn/wp-json/oembed/1.0/embed68ae.json]
[localhost/pemikatwalet-cn/wp-json/oembed/1.0/embeddd25]
[localhost/pemikatwalet-cn/wp-content/plugins/wpforms-lite/assets/lib/jquery.validate.min7e9d.js]
[localhost/pemikatwalet-cn/wp-content/plugins/wpforms-lite/assets/lib/mailcheck.mincfa9.js]
[localhost/pemikatwalet-cn/wp-content/plugins/wpforms-lite/assets/lib/punycode.min8a54.js]
[localhost/pemikatwalet-cn/wp-content/plugins/wpforms-lite/assets/js/utils.minf90a.js]
[localhost/pemikatwalet-cn/wp-content/plugins/wpforms-lite/assets/js/wpforms.minf90a.js]
[localhost/pemikatwalet-cn/lian-xi-wo-men/index.html]
[localhost/pemikatwalet-cn/wp-content/uploads/2023/03/gambar-1.png]
[localhost/pemikatwalet-cn/wp-json/wp/v2/pages/337.json]
[localhost/pemikatwalet-cn/wp-json/oembed/1.0/embedfbff.json]
[localhost/pemikatwalet-cn/wp-json/oembed/1.0/embeddd36]
[localhost/pemikatwalet-cn/wp-content/uploads/2023/03/gambar-5.png]
[localhost/pemikatwalet-cn/wp-content/uploads/2023/03/gambar-6.png]
[localhost/pemikatwalet-cn/wp-content/uploads/2023/03/gambar-3.png]
[localhost/pemikatwalet-cn/wp-content/uploads/2023/03/gambar-4.png]
[localhost/pemikatwalet-cn/bo-ke/index.html]
[localhost/pemikatwalet-cn/2023/03/29/yan-zi-xiang-shui-，-yu-zhong-bu-tong-de-yan-zi-zhi-le-de-xiang-wei/index.html]
[localhost/pemikatwalet-cn/wp-content/plugins/elementor/assets/css/widget-icon-list.min.css]
[localhost/pemikatwalet-cn/wp-content/plugins/elementor/assets/css/widget-icon-box.min.css]
[localhost/pemikatwalet-cn/wp-content/plugins/elementor/assets/lib/animations/animations.mina3be.css]
[localhost/pemikatwalet-cn/wp-content/plugins/elementor/assets/lib/eicons/fonts/eiconsd6bb.svg]
[localhost/pemikatwalet-cn/wp-content/plugins/elementskit-lite/widgets/init/assets/img/cross-out.svg]
[localhost/pemikatwalet-cn/wp-content/plugins/elementor/assets/lib/font-awesome/webfonts/fa-solid-900.svg]
[localhost/pemikatwalet-cn/wp-content/plugins/elementor/assets/lib/font-awesome/webfonts/fa-brands-400.svg]
[localhost/pemikatwalet-cn/wp-content/uploads/elementor/css/post-119ec1e.css]
[localhost/pemikatwalet-cn/index7737.html]
[localhost/pemikatwalet-cn/wp-content/uploads/2023/03/walet-292102.jpg]
[localhost/pemikatwalet-cn/wp-content/uploads/elementor/css/post-92c0d7.css]
[localhost/pemikatwalet-cn/index8e15.html]
[localhost/pemikatwalet-cn/wp-content/uploads/2023/03/IMG_2202-1.jpg]
[localhost/pemikatwalet-cn/wp-content/uploads/elementor/css/post-137ecba.css]
[localhost/pemikatwalet-cn/index60d6.html]
[localhost/pemikatwalet-cn/wp-content/uploads/2023/03/IMG_1647.jpg]
[localhost/pemikatwalet-cn/wp-content/uploads/elementor/css/post-33179c5.css]
[localhost/pemikatwalet-cn/index371d.html]
[localhost/pemikatwalet-cn/wp-content/uploads/2023/03/iphone-hand-screen-410311.jpg]
[localhost/pemikatwalet-cn/wp-content/uploads/elementor/css/post-145068e.css]
[localhost/pemikatwalet-cn/indexbe3b.html]
[localhost/pemikatwalet-cn/wp-content/plugins/wpforms-lite/assets/css/wpforms-base.minf90a.css]
[localhost/pemikatwalet-cn/wp-content/uploads/2023/03/news-typewriter-text-4027604.jpg]
[localhost/pemikatwalet-cn/wp-content/uploads/elementor/css/post-3375511.css]
[localhost/pemikatwalet-cn/indexf6a9.html]
[localhost/pemikatwalet-cn/wp-content/uploads/2023/03/IMG_5893-1024x683-1.jpg]
[localhost/pemikatwalet-cn/wp-json/wp/v2/pages/438.json]
[localhost/pemikatwalet-cn/wp-json/oembed/1.0/embedbb72.json]
[localhost/pemikatwalet-cn/wp-json/oembed/1.0/embed940d]
[localhost/pemikatwalet-cn/wp-content/uploads/2023/03/Cara-Packing-Sarang-Burung-Walet-ke-Luar-Negeri.jpg]
[localhost/pemikatwalet-cn/wp-content/uploads/2023/03/Dijual-dengan-Harga-yang-Tinggi-Ini-Manfaat-Sarang-Walet.jpg]
[localhost/pemikatwalet-cn/wp-content/uploads/2023/03/1.-Kandungan-Sarang-Burung-Walet.jpg]
[localhost/pemikatwalet-cn/yan-wo-bo-ke/index.html]
[localhost/pemikatwalet-cn/wp-json/wp/v2/posts/358.json]
[localhost/pemikatwalet-cn/2023/03/29/yan-zi-xiang-shui-yu-zhong-bu-tong-de-yan-zi-zhi-le-de-xiang-wei/feed/index.html]
[localhost/pemikatwalet-cn/wp-json/oembed/1.0/embedcfef.json]
[localhost/pemikatwalet-cn/wp-json/oembed/1.0/embede168]
[localhost/pemikatwalet-cn/wp-content/uploads/2023/03/gambar.png]
[localhost/pemikatwalet-cn/wp-includes/js/comment-reply.minae48.js]
[localhost/pemikatwalet-cn/2023/03/29/yan-zi-xiang-shui-yu-zhong-bu-tong-de-yan-zi-zhi-le-de-xiang-wei/index.html]
[localhost/pemikatwalet-cn/wp-json/wp/v2/posts/364.json]
[localhost/pemikatwalet-cn/wp-json/oembed/1.0/embedd075.json]
[localhost/pemikatwalet-cn/2023/03/29/yan-zi-de-you-huo-xiang-shui-jian-jie/feed/index.html]
[localhost/pemikatwalet-cn/wp-json/oembed/1.0/embeda0c4]
[localhost/pemikatwalet-cn/wp-content/uploads/2023/03/gambar-2.png]
[localhost/pemikatwalet-cn/2023/03/29/yan-zi-de-you-huo-xiang-shui-jian-jie/index.html]
[localhost/pemikatwalet-cn/wp-json/wp/v2/posts/373.json]
[localhost/pemikatwalet-cn/2023/03/29/yan-zi-yin-you-xiang-shui-de-zhen-shi-zheng-ju/feed/index.html]
[localhost/pemikatwalet-cn/wp-json/oembed/1.0/embed1241.json]
[localhost/pemikatwalet-cn/wp-json/oembed/1.0/embedf98c]
[localhost/pemikatwalet-cn/2023/03/29/yan-zi-yin-you-xiang-shui-de-zhen-shi-zheng-ju/index.html]
[localhost/pemikatwalet-cn/wp-json/wp/v2/posts/376.json]
[localhost/pemikatwalet-cn/2023/03/29/yan-zi-yin-you-xiang-shui-yin-du-ni-xi-ya-di-yi-pin-pai/feed/index.html]
[localhost/pemikatwalet-cn/wp-json/oembed/1.0/embed3ef2.json]
[localhost/pemikatwalet-cn/wp-json/oembed/1.0/embede2fc]
[localhost/pemikatwalet-cn/wp-content/uploads/2023/03/gambar-7.png]
[localhost/pemikatwalet-cn/2023/03/29/yan-zi-yin-you-xiang-shui-yin-du-ni-xi-ya-di-yi-pin-pai/index.html]
[localhost/pemikatwalet-cn/wp-json/wp/v2/posts/367.json]
[localhost/pemikatwalet-cn/2023/03/29/yan-zi-xi-huan-shen-me-qi-wei/feed/index.html]
[localhost/pemikatwalet-cn/wp-json/oembed/1.0/embed5791.json]
[localhost/pemikatwalet-cn/wp-json/oembed/1.0/embed7188]
[localhost/pemikatwalet-cn/2023/03/29/yan-zi-xi-huan-shen-me-qi-wei/index.html]
[localhost/pemikatwalet-cn/wp-json/wp/v2/posts/370.json]
[localhost/pemikatwalet-cn/2023/03/29/ru-he-cheng-hu-yan-zi/feed/index.html]
[localhost/pemikatwalet-cn/wp-json/oembed/1.0/embedf784.json]
[localhost/pemikatwalet-cn/wp-json/oembed/1.0/embedc5a2]
[localhost/pemikatwalet-cn/2023/03/29/ru-he-cheng-hu-yan-zi/index.html]
[localhost/pemikatwalet-cn/wp-content/plugins/wpforms-lite/assets/images/times-solid-white.svg]
[localhost/pemikatwalet-cn/wp-content/uploads/elementor/css/post-4388bdc.css]
[localhost/pemikatwalet-cn/index9ed5.html]
[localhost/pemikatwalet-cn/wp-content/uploads/2023/03/IMG_1647.jpg]
[localhost/pemikatwalet-cn/2023/03/29/zai-zi-ji-de-yan-zi-lou-li-zhi-zuo-yan-zi-wo-cheng-xu-he-wei-hu/feed/index.html]
[localhost/pemikatwalet-cn/wp-json/wp/v2/posts/455.json]
[localhost/pemikatwalet-cn/wp-json/oembed/1.0/embed73fa.json]
[localhost/pemikatwalet-cn/wp-json/oembed/1.0/embed920d]
[localhost/pemikatwalet-cn/2023/03/29/zai-zi-ji-de-yan-zi-lou-li-zhi-zuo-yan-zi-wo-cheng-xu-he-wei-hu/index.html]
[localhost/pemikatwalet-cn/wp-json/wp/v2/posts/452.json]
[localhost/pemikatwalet-cn/wp-json/oembed/1.0/embeda5ea.json]
[localhost/pemikatwalet-cn/2023/03/29/shou-ge-yan-wo-yi-nian-you-duo-shao-ge-yue-he-duo-shao-ci/feed/index.html]
[localhost/pemikatwalet-cn/wp-json/oembed/1.0/embed899d]
[localhost/pemikatwalet-cn/2023/03/29/shou-ge-yan-wo-yi-nian-you-duo-shao-ge-yue-he-duo-shao-ci/index.html]
[localhost/pemikatwalet-cn/2023/03/29/yan-wo-jie-shi-shi-jie-shang-zui-ang-gui-de-shi-pin-de-zi-ben-jia-ge-he-chu-kou-qian-li/feed/index.html]
[localhost/pemikatwalet-cn/wp-json/wp/v2/posts/449.json]
[localhost/pemikatwalet-cn/wp-json/oembed/1.0/embeda4a1.json]
[localhost/pemikatwalet-cn/wp-json/oembed/1.0/embedc0e2]
[localhost/pemikatwalet-cn/2023/03/29/yan-wo-jie-shi-shi-jie-shang-zui-ang-gui-de-shi-pin-de-zi-ben-jia-ge-he-chu-kou-qian-li/index.html]
[localhost/pemikatwalet-cn/wp-json/wp/v2/posts/447.json]
[localhost/pemikatwalet-cn/2023/03/29/yan-wo-dui-ren-lei-jian-kang-de-yi-chu/feed/index.html]
[localhost/pemikatwalet-cn/wp-json/oembed/1.0/embeda630.json]
[localhost/pemikatwalet-cn/wp-json/oembed/1.0/embed195d]
[localhost/pemikatwalet-cn/2023/03/29/yan-wo-dui-ren-lei-jian-kang-de-yi-chu/index.html]
[localhost/pemikatwalet-cn/indexf5a4.html]
[localhost/pemikatwalet-cn/xmlrpc.php]
[localhost/pemikatwalet-cn/wp-json/wp/v2/categories/1.json]
[localhost/pemikatwalet-cn/category/tak-berkategori/index.html]
[localhost/pemikatwalet-cn/category/tak-berkategori/feed/index.html]
[localhost/pemikatwalet-cn/wp-json/wp/v2/users/1.json]
[localhost/pemikatwalet-cn/author/ishal-galip/index.html]
[localhost/pemikatwalet-cn/index0364.html]
[localhost/pemikatwalet-cn/index7080.html]
[localhost/pemikatwalet-cn/index264a.html]
[localhost/pemikatwalet-cn/index55d4.html]
[localhost/pemikatwalet-cn/index12d0.html]
[localhost/pemikatwalet-cn/author/ishal-galip/feed/index.html]
[localhost/pemikatwalet-cn/index9e38.html]
[localhost/pemikatwalet-cn/category/edible-birds-nest/feed/index.html]
[localhost/pemikatwalet-cn/wp-json/wp/v2/categories/8.json]
[localhost/pemikatwalet-cn/category/edible-birds-nest/index.html]
[localhost/pemikatwalet-cn/index20a4.html]
[localhost/pemikatwalet-cn/indexb47e.html]
[localhost/pemikatwalet-cn/index42fe.html]
